// Jest Snapshot v1, https://goo.gl/fbAQLP

exports[`core/paragraph block edit matches snapshot 1`] = `
<div>
  <div
    class="blocks-editable"
  >
    <p
      aria-label="Add text or type / to add content"
      class="wp-block-paragraph blocks-editable__tinymce"
      contenteditable="true"
    />
    <p
      class="blocks-editable__tinymce wp-block-paragraph"
    >
      Add text or type / to add content
    </p>
  </div>
</div>
`;
